{"sepal_length":5.1,"sepal_width":3.5,"petal_length":1.4,"petal_width":0.2,"species":"setosa","sepal_length_norm":0.22222222222222213,"sepal_width_norm":0.6249999999999999,"petal_length_norm":0.06779661016949151,"petal_width_norm":0.04166666666666667,"id":0}
{"sepal_length":4.9,"sepal_width":3.0,"petal_length":1.4,"petal_width":0.2,"species":"setosa","sepal_length_norm":0.1666666666666668,"sepal_width_norm":0.41666666666666663,"petal_length_norm":0.06779661016949151,"petal_width_norm":0.04166666666666667,"id":1}
{"sepal_length":4.7,"sepal_width":3.2,"petal_length":1.3,"petal_width":0.2,"species":"setosa","sepal_length_norm":0.11111111111111119,"sepal_width_norm":0.5,"petal_length_norm":0.05084745762711865,"petal_width_norm":0.04166666666666667,"id":2}
{"sepal_length":4.6,"sepal_width":3.1,"petal_length":1.5,"petal_width":0.2,"species":"setosa","sepal_length_norm":0.08333333333333327,"sepal_width_norm":0.4583333333333333,"petal_length_norm":0.0847457627118644,"petal_width_norm":0.04166666666666667,"id":3}
{"sepal_length":5.0,"sepal_width":3.6,"petal_length":1.4,"petal_width":0.2,"species":"setosa","sepal_length_norm":0.19444444444444448,"sepal_width_norm":0.6666666666666666,"petal_length_norm":0.06779661016949151,"petal_width_norm":0.04166666666666667,"id":4}
{"sepal_length":5.4,"sepal_width":3.9,"petal_length":1.7,"petal_width":0.4,"species":"setosa","sepal_length_norm":0.30555555555555564,"sepal_width_norm":0.7916666666666665,"petal_length_norm":0.11864406779661016,"petal_width_norm":0.12500000000000003,"id":5}
{"sepal_length":4.6,"sepal_width":3.4,"petal_length":1.4,"petal_width":0.3,"species":"setosa","sepal_length_norm":0.08333333333333327,"sepal_width_norm":0.5833333333333333,"petal_length_norm":0.06779661016949151,"petal_width_norm":0.08333333333333333,"id":6}
{"sepal_length":5.0,"sepal_width":3.4,"petal_length":1.5,"petal_width":0.2,"species":"setosa","sepal_length_norm":0.19444444444444448,"sepal_width_norm":0.5833333333333333,"petal_length_norm":0.0847457627118644,"petal_width_norm":0.04166666666666667,"id":7}
{"sepal_length":4.4,"sepal_width":2.9,"petal_length":1.4,"petal_width":0.2,"species":"setosa","sepal_length_norm":0.027777777777777922,"sepal_width_norm":0.3749999999999999,"petal_length_norm":0.06779661016949151,"petal_width_norm":0.04166666666666667,"id":8}
{"sepal_length":4.9,"sepal_width":3.1,"petal_length":1.5,"petal_width":0.1,"species":"setosa","sepal_length_norm":0.1666666666666668,"sepal_width_norm":0.4583333333333333,"petal_length_norm":0.0847457627118644,"petal_width_norm":0.0,"id":9}
{"sepal_length":5.4,"sepal_width":3.7,"petal_length":1.5,"petal_width":0.2,"species":"setosa","sepal_length_norm":0.30555555555555564,"sepal_width_norm":0.7083333333333333,"petal_length_norm":0.0847457627118644,"petal_width_norm":0.04166666666666667,"id":10}
{"sepal_length":4.8,"sepal_width":3.4,"petal_length":1.6,"petal_width":0.2,"species":"setosa","sepal_length_norm":0.13888888888888887,"sepal_width_norm":0.5833333333333333,"petal_length_norm":0.1016949152542373,"petal_width_norm":0.04166666666666667,"id":11}
{"sepal_length":4.8,"sepal_width":3.0,"petal_length":1.4,"petal_width":0.1,"species":"setosa","sepal_length_norm":0.13888888888888887,"sepal_width_norm":0.41666666666666663,"petal_length_norm":0.06779661016949151,"petal_width_norm":0.0,"id":12}
{"sepal_length":4.3,"sepal_width":3.0,"petal_length":1.1,"petal_width":0.1,"species":"setosa","sepal_length_norm":0.0,"sepal_width_norm":0.41666666666666663,"petal_length_norm":0.016949152542372895,"petal_width_norm":0.0,"id":13}
{"sepal_length":5.8,"sepal_width":4.0,"petal_length":1.2,"petal_width":0.2,"species":"setosa","sepal_length_norm":0.41666666666666663,"sepal_width_norm":0.8333333333333333,"petal_length_norm":0.033898305084745756,"petal_width_norm":0.04166666666666667,"id":14}
{"sepal_length":5.7,"sepal_width":4.4,"petal_length":1.5,"petal_width":0.4,"species":"setosa","sepal_length_norm":0.38888888888888895,"sepal_width_norm":1.0,"petal_length_norm":0.0847457627118644,"petal_width_norm":0.12500000000000003,"id":15}
{"sepal_length":5.4,"sepal_width":3.9,"petal_length":1.3,"petal_width":0.4,"species":"setosa","sepal_length_norm":0.30555555555555564,"sepal_width_norm":0.7916666666666665,"petal_length_norm":0.05084745762711865,"petal_width_norm":0.12500000000000003,"id":16}
{"sepal_length":5.1,"sepal_width":3.5,"petal_length":1.4,"petal_width":0.3,"species":"setosa","sepal_length_norm":0.22222222222222213,"sepal_width_norm":0.6249999999999999,"petal_length_norm":0.06779661016949151,"petal_width_norm":0.08333333333333333,"id":17}
{"sepal_length":5.7,"sepal_width":3.8,"petal_length":1.7,"petal_width":0.3,"species":"setosa","sepal_length_norm":0.38888888888888895,"sepal_width_norm":0.7499999999999998,"petal_length_norm":0.11864406779661016,"petal_width_norm":0.08333333333333333,"id":18}
{"sepal_length":5.1,"sepal_width":3.8,"petal_length":1.5,"petal_width":0.3,"species":"setosa","sepal_length_norm":0.22222222222222213,"sepal_width_norm":0.7499999999999998,"petal_length_norm":0.0847457627118644,"petal_width_norm":0.08333333333333333,"id":19}
{"sepal_length":5.4,"sepal_width":3.4,"petal_length":1.7,"petal_width":0.2,"species":"setosa","sepal_length_norm":0.30555555555555564,"sepal_width_norm":0.5833333333333333,"petal_length_norm":0.11864406779661016,"petal_width_norm":0.04166666666666667,"id":20}
{"sepal_length":5.1,"sepal_width":3.7,"petal_length":1.5,"petal_width":0.4,"species":"setosa","sepal_length_norm":0.22222222222222213,"sepal_width_norm":0.7083333333333333,"petal_length_norm":0.0847457627118644,"petal_width_norm":0.12500000000000003,"id":21}
{"sepal_length":4.6,"sepal_width":3.6,"petal_length":1.0,"petal_width":0.2,"species":"setosa","sepal_length_norm":0.08333333333333327,"sepal_width_norm":0.6666666666666666,"petal_length_norm":0.0,"petal_width_norm":0.04166666666666667,"id":22}
{"sepal_length":5.1,"sepal_width":3.3,"petal_length":1.7,"petal_width":0.5,"species":"setosa","sepal_length_norm":0.22222222222222213,"sepal_width_norm":0.5416666666666665,"petal_length_norm":0.11864406779661016,"petal_width_norm":0.16666666666666669,"id":23}
{"sepal_length":4.8,"sepal_width":3.4,"petal_length":1.9,"petal_width":0.2,"species":"setosa","sepal_length_norm":0.13888888888888887,"sepal_width_norm":0.5833333333333333,"petal_length_norm":0.15254237288135591,"petal_width_norm":0.04166666666666667,"id":24}
{"sepal_length":5.0,"sepal_width":3.0,"petal_length":1.6,"petal_width":0.2,"species":"setosa","sepal_length_norm":0.19444444444444448,"sepal_width_norm":0.41666666666666663,"petal_length_norm":0.1016949152542373,"petal_width_norm":0.04166666666666667,"id":25}
{"sepal_length":5.0,"sepal_width":3.4,"petal_length":1.6,"petal_width":0.4,"species":"setosa","sepal_length_norm":0.19444444444444448,"sepal_width_norm":0.5833333333333333,"petal_length_norm":0.1016949152542373,"petal_width_norm":0.12500000000000003,"id":26}
{"sepal_length":5.2,"sepal_width":3.5,"petal_length":1.5,"petal_width":0.2,"species":"setosa","sepal_length_norm":0.25000000000000006,"sepal_width_norm":0.6249999999999999,"petal_length_norm":0.0847457627118644,"petal_width_norm":0.04166666666666667,"id":27}
{"sepal_length":5.2,"sepal_width":3.4,"petal_length":1.4,"petal_width":0.2,"species":"setosa","sepal_length_norm":0.25000000000000006,"sepal_width_norm":0.5833333333333333,"petal_length_norm":0.06779661016949151,"petal_width_norm":0.04166666666666667,"id":28}
{"sepal_length":4.7,"sepal_width":3.2,"petal_length":1.6,"petal_width":0.2,"species":"setosa","sepal_length_norm":0.11111111111111119,"sepal_width_norm":0.5,"petal_length_norm":0.1016949152542373,"petal_width_norm":0.04166666666666667,"id":29}
{"sepal_length":4.8,"sepal_width":3.1,"petal_length":1.6,"petal_width":0.2,"species":"setosa","sepal_length_norm":0.13888888888888887,"sepal_width_norm":0.4583333333333333,"petal_length_norm":0.1016949152542373,"petal_width_norm":0.04166666666666667,"id":30}
{"sepal_length":5.4,"sepal_width":3.4,"petal_length":1.5,"petal_width":0.4,"species":"setosa","sepal_length_norm":0.30555555555555564,"sepal_width_norm":0.5833333333333333,"petal_length_norm":0.0847457627118644,"petal_width_norm":0.12500000000000003,"id":31}
{"sepal_length":5.2,"sepal_width":4.1,"petal_length":1.5,"petal_width":0.1,"species":"setosa","sepal_length_norm":0.25000000000000006,"sepal_width_norm":0.8749999999999998,"petal_length_norm":0.0847457627118644,"petal_width_norm":0.0,"id":32}
{"sepal_length":5.5,"sepal_width":4.2,"petal_length":1.4,"petal_width":0.2,"species":"setosa","sepal_length_norm":0.3333333333333333,"sepal_width_norm":0.9166666666666666,"petal_length_norm":0.06779661016949151,"petal_width_norm":0.04166666666666667,"id":33}
{"sepal_length":4.9,"sepal_width":3.1,"petal_length":1.5,"petal_width":0.1,"species":"setosa","sepal_length_norm":0.1666666666666668,"sepal_width_norm":0.4583333333333333,"petal_length_norm":0.0847457627118644,"petal_width_norm":0.0,"id":34}
{"sepal_length":5.0,"sepal_width":3.2,"petal_length":1.2,"petal_width":0.2,"species":"setosa","sepal_length_norm":0.19444444444444448,"sepal_width_norm":0.5,"petal_length_norm":0.033898305084745756,"petal_width_norm":0.04166666666666667,"id":35}
{"sepal_length":5.5,"sepal_width":3.5,"petal_length":1.3,"petal_width":0.2,"species":"setosa","sepal_length_norm":0.3333333333333333,"sepal_width_norm":0.6249999999999999,"petal_length_norm":0.05084745762711865,"petal_width_norm":0.04166666666666667,"id":36}
{"sepal_length":4.9,"sepal_width":3.1,"petal_length":1.5,"petal_width":0.1,"species":"setosa","sepal_length_norm":0.1666666666666668,"sepal_width_norm":0.4583333333333333,"petal_length_norm":0.0847457627118644,"petal_width_norm":0.0,"id":37}
{"sepal_length":4.4,"sepal_width":3.0,"petal_length":1.3,"petal_width":0.2,"species":"setosa","sepal_length_norm":0.027777777777777922,"sepal_width_norm":0.41666666666666663,"petal_length_norm":0.05084745762711865,"petal_width_norm":0.04166666666666667,"id":38}
{"sepal_length":5.1,"sepal_width":3.4,"petal_length":1.5,"petal_width":0.2,"species":"setosa","sepal_length_norm":0.22222222222222213,"sepal_width_norm":0.5833333333333333,"petal_length_norm":0.0847457627118644,"petal_width_norm":0.04166666666666667,"id":39}
{"sepal_length":5.0,"sepal_width":3.5,"petal_length":1.3,"petal_width":0.3,"species":"setosa","sepal_length_norm":0.19444444444444448,"sepal_width_norm":0.6249999999999999,"petal_length_norm":0.05084745762711865,"petal_width_norm":0.08333333333333333,"id":40}
{"sepal_length":4.5,"sepal_width":2.3,"petal_length":1.3,"petal_width":0.3,"species":"setosa","sepal_length_norm":0.055555555555555594,"sepal_width_norm":0.1249999999999999,"petal_length_norm":0.05084745762711865,"petal_width_norm":0.08333333333333333,"id":41}
{"sepal_length":4.4,"sepal_width":3.2,"petal_length":1.3,"petal_width":0.2,"species":"setosa","sepal_length_norm":0.027777777777777922,"sepal_width_norm":0.5,"petal_length_norm":0.05084745762711865,"petal_width_norm":0.04166666666666667,"id":42}
{"sepal_length":5.0,"sepal_width":3.5,"petal_length":1.6,"petal_width":0.6,"species":"setosa","sepal_length_norm":0.19444444444444448,"sepal_width_norm":0.6249999999999999,"petal_length_norm":0.1016949152542373,"petal_width_norm":0.20833333333333334,"id":43}
{"sepal_length":5.1,"sepal_width":3.8,"petal_length":1.9,"petal_width":0.4,"species":"setosa","sepal_length_norm":0.22222222222222213,"sepal_width_norm":0.7499999999999998,"petal_length_norm":0.15254237288135591,"petal_width_norm":0.12500000000000003,"id":44}
{"sepal_length":4.8,"sepal_width":3.0,"petal_length":1.4,"petal_width":0.3,"species":"setosa","sepal_length_norm":0.13888888888888887,"sepal_width_norm":0.41666666666666663,"petal_length_norm":0.06779661016949151,"petal_width_norm":0.08333333333333333,"id":45}
{"sepal_length":5.1,"sepal_width":3.8,"petal_length":1.6,"petal_width":0.2,"species":"setosa","sepal_length_norm":0.22222222222222213,"sepal_width_norm":0.7499999999999998,"petal_length_norm":0.1016949152542373,"petal_width_norm":0.04166666666666667,"id":46}
{"sepal_length":4.6,"sepal_width":3.2,"petal_length":1.4,"petal_width":0.2,"species":"setosa","sepal_length_norm":0.08333333333333327,"sepal_width_norm":0.5,"petal_length_norm":0.06779661016949151,"petal_width_norm":0.04166666666666667,"id":47}
{"sepal_length":5.3,"sepal_width":3.7,"petal_length":1.5,"petal_width":0.2,"species":"setosa","sepal_length_norm":0.27777777777777773,"sepal_width_norm":0.7083333333333333,"petal_length_norm":0.0847457627118644,"petal_width_norm":0.04166666666666667,"id":48}
{"sepal_length":5.0,"sepal_width":3.3,"petal_length":1.4,"petal_width":0.2,"species":"setosa","sepal_length_norm":0.19444444444444448,"sepal_width_norm":0.5416666666666665,"petal_length_norm":0.06779661016949151,"petal_width_norm":0.04166666666666667,"id":49}
{"sepal_length":7.0,"sepal_width":3.2,"petal_length":4.7,"petal_width":1.4,"species":"versicolor","sepal_length_norm":0.7499999999999999,"sepal_width_norm":0.5,"petal_length_norm":0.6271186440677966,"petal_width_norm":0.5416666666666666,"id":50}
{"sepal_length":6.4,"sepal_width":3.2,"petal_length":4.5,"petal_width":1.5,"species":"versicolor","sepal_length_norm":0.5833333333333334,"sepal_width_norm":0.5,"petal_length_norm":0.5932203389830508,"petal_width_norm":0.5833333333333334,"id":51}
{"sepal_length":6.9,"sepal_width":3.1,"petal_length":4.9,"petal_width":1.5,"species":"versicolor","sepal_length_norm":0.7222222222222222,"sepal_width_norm":0.4583333333333333,"petal_length_norm":0.6610169491525424,"petal_width_norm":0.5833333333333334,"id":52}
{"sepal_length":5.5,"sepal_width":2.3,"petal_length":4.0,"petal_width":1.3,"species":"versicolor","sepal_length_norm":0.3333333333333333,"sepal_width_norm":0.1249999999999999,"petal_length_norm":0.5084745762711864,"petal_width_norm":0.5,"id":53}
{"sepal_length":6.5,"sepal_width":2.8,"petal_length":4.6,"petal_width":1.5,"species":"versicolor","sepal_length_norm":0.611111111111111,"sepal_width_norm":0.3333333333333332,"petal_length_norm":0.6101694915254237,"petal_width_norm":0.5833333333333334,"id":54}
{"sepal_length":5.7,"sepal_width":2.8,"petal_length":4.5,"petal_width":1.3,"species":"versicolor","sepal_length_norm":0.38888888888888895,"sepal_width_norm":0.3333333333333332,"petal_length_norm":0.5932203389830508,"petal_width_norm":0.5,"id":55}
{"sepal_length":6.3,"sepal_width":3.3,"petal_length":4.7,"petal_width":1.6,"species":"versicolor","sepal_length_norm":0.5555555555555555,"sepal_width_norm":0.5416666666666665,"petal_length_norm":0.6271186440677966,"petal_width_norm":0.625,"id":56}
{"sepal_length":4.9,"sepal_width":2.4,"petal_length":3.3,"petal_width":1.0,"species":"versicolor","sepal_length_norm":0.1666666666666668,"sepal_width_norm":0.1666666666666666,"petal_length_norm":0.38983050847457623,"petal_width_norm":0.375,"id":57}
{"sepal_length":6.6,"sepal_width":2.9,"petal_length":4.6,"petal_width":1.3,"species":"versicolor","sepal_length_norm":0.6388888888888887,"sepal_width_norm":0.3749999999999999,"petal_length_norm":0.6101694915254237,"petal_width_norm":0.5,"id":58}
{"sepal_length":5.2,"sepal_width":2.7,"petal_length":3.9,"petal_width":1.4,"species":"versicolor","sepal_length_norm":0.25000000000000006,"sepal_width_norm":0.2916666666666667,"petal_length_norm":0.4915254237288135,"petal_width_norm":0.5416666666666666,"id":59}
{"sepal_length":5.0,"sepal_width":2.0,"petal_length":3.5,"petal_width":1.0,"species":"versicolor","sepal_length_norm":0.19444444444444448,"sepal_width_norm":0.0,"petal_length_norm":0.423728813559322,"petal_width_norm":0.375,"id":60}
{"sepal_length":5.9,"sepal_width":3.0,"petal_length":4.2,"petal_width":1.5,"species":"versicolor","sepal_length_norm":0.44444444444444453,"sepal_width_norm":0.41666666666666663,"petal_length_norm":0.5423728813559322,"petal_width_norm":0.5833333333333334,"id":61}
{"sepal_length":6.0,"sepal_width":2.2,"petal_length":4.0,"petal_width":1.0,"species":"versicolor","sepal_length_norm":0.4722222222222222,"sepal_width_norm":0.0833333333333334,"petal_length_norm":0.5084745762711864,"petal_width_norm":0.375,"id":62}
{"sepal_length":6.1,"sepal_width":2.9,"petal_length":4.7,"petal_width":1.4,"species":"versicolor","sepal_length_norm":0.4999999999999999,"sepal_width_norm":0.3749999999999999,"petal_length_norm":0.6271186440677966,"petal_width_norm":0.5416666666666666,"id":63}
{"sepal_length":5.6,"sepal_width":2.9,"petal_length":3.6,"petal_width":1.3,"species":"versicolor","sepal_length_norm":0.361111111111111,"sepal_width_norm":0.3749999999999999,"petal_length_norm":0.4406779661016949,"petal_width_norm":0.5,"id":64}
{"sepal_length":6.7,"sepal_width":3.1,"petal_length":4.4,"petal_width":1.4,"species":"versicolor","sepal_length_norm":0.6666666666666666,"sepal_width_norm":0.4583333333333333,"petal_length_norm":0.576271186440678,"petal_width_norm":0.5416666666666666,"id":65}
{"sepal_length":5.6,"sepal_width":3.0,"petal_length":4.5,"petal_width":1.5,"species":"versicolor","sepal_length_norm":0.361111111111111,"sepal_width_norm":0.41666666666666663,"petal_length_norm":0.5932203389830508,"petal_width_norm":0.5833333333333334,"id":66}
{"sepal_length":5.8,"sepal_width":2.7,"petal_length":4.1,"petal_width":1.0,"species":"versicolor","sepal_length_norm":0.41666666666666663,"sepal_width_norm":0.2916666666666667,"petal_length_norm":0.5254237288135593,"petal_width_norm":0.375,"id":67}
{"sepal_length":6.2,"sepal_width":2.2,"petal_length":4.5,"petal_width":1.5,"species":"versicolor","sepal_length_norm":0.5277777777777778,"sepal_width_norm":0.0833333333333334,"petal_length_norm":0.5932203389830508,"petal_width_norm":0.5833333333333334,"id":68}
{"sepal_length":5.6,"sepal_width":2.5,"petal_length":3.9,"petal_width":1.1,"species":"versicolor","sepal_length_norm":0.361111111111111,"sepal_width_norm":0.20833333333333331,"petal_length_norm":0.4915254237288135,"petal_width_norm":0.4166666666666667,"id":69}
{"sepal_length":5.9,"sepal_width":3.2,"petal_length":4.8,"petal_width":1.8,"species":"versicolor","sepal_length_norm":0.44444444444444453,"sepal_width_norm":0.5,"petal_length_norm":0.6440677966101694,"petal_width_norm":0.7083333333333334,"id":70}
{"sepal_length":6.1,"sepal_width":2.8,"petal_length":4.0,"petal_width":1.3,"species":"versicolor","sepal_length_norm":0.4999999999999999,"sepal_width_norm":0.3333333333333332,"petal_length_norm":0.5084745762711864,"petal_width_norm":0.5,"id":71}
{"sepal_length":6.3,"sepal_width":2.5,"petal_length":4.9,"petal_width":1.5,"species":"versicolor","sepal_length_norm":0.5555555555555555,"sepal_width_norm":0.20833333333333331,"petal_length_norm":0.6610169491525424,"petal_width_norm":0.5833333333333334,"id":72}
{"sepal_length":6.1,"sepal_width":2.8,"petal_length":4.7,"petal_width":1.2,"species":"versicolor","sepal_length_norm":0.4999999999999999,"sepal_width_norm":0.3333333333333332,"petal_length_norm":0.6271186440677966,"petal_width_norm":0.4583333333333333,"id":73}
{"sepal_length":6.4,"sepal_width":2.9,"petal_length":4.3,"petal_width":1.3,"species":"versicolor","sepal_length_norm":0.5833333333333334,"sepal_width_norm":0.3749999999999999,"petal_length_norm":0.559322033898305,"petal_width_norm":0.5,"id":74}
{"sepal_length":6.6,"sepal_width":3.0,"petal_length":4.4,"petal_width":1.4,"species":"versicolor","sepal_length_norm":0.6388888888888887,"sepal_width_norm":0.41666666666666663,"petal_length_norm":0.576271186440678,"petal_width_norm":0.5416666666666666,"id":75}
{"sepal_length":6.8,"sepal_width":2.8,"petal_length":4.8,"petal_width":1.4,"species":"versicolor","sepal_length_norm":0.6944444444444443,"sepal_width_norm":0.3333333333333332,"petal_length_norm":0.6440677966101694,"petal_width_norm":0.5416666666666666,"id":76}
{"sepal_length":6.7,"sepal_width":3.0,"petal_length":5.0,"petal_width":1.7,"species":"versicolor","sepal_length_norm":0.6666666666666666,"sepal_width_norm":0.41666666666666663,"petal_length_norm":0.6779661016949152,"petal_width_norm":0.6666666666666666,"id":77}
{"sepal_length":6.0,"sepal_width":2.9,"petal_length":4.5,"petal_width":1.5,"species":"versicolor","sepal_length_norm":0.4722222222222222,"sepal_width_norm":0.3749999999999999,"petal_length_norm":0.5932203389830508,"petal_width_norm":0.5833333333333334,"id":78}
{"sepal_length":5.7,"sepal_width":2.6,"petal_length":3.5,"petal_width":1.0,"species":"versicolor","sepal_length_norm":0.38888888888888895,"sepal_width_norm":0.25,"petal_length_norm":0.423728813559322,"petal_width_norm":0.375,"id":79}
{"sepal_length":5.5,"sepal_width":2.4,"petal_length":3.8,"petal_width":1.1,"species":"versicolor","sepal_length_norm":0.3333333333333333,"sepal_width_norm":0.1666666666666666,"petal_length_norm":0.47457627118644063,"petal_width_norm":0.4166666666666667,"id":80}
{"sepal_length":5.5,"sepal_width":2.4,"petal_length":3.7,"petal_width":1.0,"species":"versicolor","sepal_length_norm":0.3333333333333333,"sepal_width_norm":0.1666666666666666,"petal_length_norm":0.4576271186440678,"petal_width_norm":0.375,"id":81}
{"sepal_length":5.8,"sepal_width":2.7,"petal_length":3.9,"petal_width":1.2,"species":"versicolor","sepal_length_norm":0.41666666666666663,"sepal_width_norm":0.2916666666666667,"petal_length_norm":0.4915254237288135,"petal_width_norm":0.4583333333333333,"id":82}
{"sepal_length":6.0,"sepal_width":2.7,"petal_length":5.1,"petal_width":1.6,"species":"versicolor","sepal_length_norm":0.4722222222222222,"sepal_width_norm":0.2916666666666667,"petal_length_norm":0.6949152542372881,"petal_width_norm":0.625,"id":83}
{"sepal_length":5.4,"sepal_width":3.0,"petal_length":4.5,"petal_width":1.5,"species":"versicolor","sepal_length_norm":0.30555555555555564,"sepal_width_norm":0.41666666666666663,"petal_length_norm":0.5932203389830508,"petal_width_norm":0.5833333333333334,"id":84}
{"sepal_length":6.0,"sepal_width":3.4,"petal_length":4.5,"petal_width":1.6,"species":"versicolor","sepal_length_norm":0.4722222222222222,"sepal_width_norm":0.5833333333333333,"petal_length_norm":0.5932203389830508,"petal_width_norm":0.625,"id":85}
{"sepal_length":6.7,"sepal_width":3.1,"petal_length":4.7,"petal_width":1.5,"species":"versicolor","sepal_length_norm":0.6666666666666666,"sepal_width_norm":0.4583333333333333,"petal_length_norm":0.6271186440677966,"petal_width_norm":0.5833333333333334,"id":86}
{"sepal_length":6.3,"sepal_width":2.3,"petal_length":4.4,"petal_width":1.3,"species":"versicolor","sepal_length_norm":0.5555555555555555,"sepal_width_norm":0.1249999999999999,"petal_length_norm":0.576271186440678,"petal_width_norm":0.5,"id":87}
{"sepal_length":5.6,"sepal_width":3.0,"petal_length":4.1,"petal_width":1.3,"species":"versicolor","sepal_length_norm":0.361111111111111,"sepal_width_norm":0.41666666666666663,"petal_length_norm":0.5254237288135593,"petal_width_norm":0.5,"id":88}
{"sepal_length":5.5,"sepal_width":2.5,"petal_length":4.0,"petal_width":1.3,"species":"versicolor","sepal_length_norm":0.3333333333333333,"sepal_width_norm":0.20833333333333331,"petal_length_norm":0.5084745762711864,"petal_width_norm":0.5,"id":89}
{"sepal_length":5.5,"sepal_width":2.6,"petal_length":4.4,"petal_width":1.2,"species":"versicolor","sepal_length_norm":0.3333333333333333,"sepal_width_norm":0.25,"petal_length_norm":0.576271186440678,"petal_width_norm":0.4583333333333333,"id":90}
{"sepal_length":6.1,"sepal_width":3.0,"petal_length":4.6,"petal_width":1.4,"species":"versicolor","sepal_length_norm":0.4999999999999999,"sepal_width_norm":0.41666666666666663,"petal_length_norm":0.6101694915254237,"petal_width_norm":0.5416666666666666,"id":91}
{"sepal_length":5.8,"sepal_width":2.6,"petal_length":4.0,"petal_width":1.2,"species":"versicolor","sepal_length_norm":0.41666666666666663,"sepal_width_norm":0.25,"petal_length_norm":0.5084745762711864,"petal_width_norm":0.4583333333333333,"id":92}
{"sepal_length":5.0,"sepal_width":2.3,"petal_length":3.3,"petal_width":1.0,"species":"versicolor","sepal_length_norm":0.19444444444444448,"sepal_width_norm":0.1249999999999999,"petal_length_norm":0.38983050847457623,"petal_width_norm":0.375,"id":93}
{"sepal_length":5.6,"sepal_width":2.7,"petal_length":4.2,"petal_width":1.3,"species":"versicolor","sepal_length_norm":0.361111111111111,"sepal_width_norm":0.2916666666666667,"petal_length_norm":0.5423728813559322,"petal_width_norm":0.5,"id":94}
{"sepal_length":5.7,"sepal_width":3.0,"petal_length":4.2,"petal_width":1.2,"species":"versicolor","sepal_length_norm":0.38888888888888895,"sepal_width_norm":0.41666666666666663,"petal_length_norm":0.5423728813559322,"petal_width_norm":0.4583333333333333,"id":95}
{"sepal_length":5.7,"sepal_width":2.9,"petal_length":4.2,"petal_width":1.3,"species":"versicolor","sepal_length_norm":0.38888888888888895,"sepal_width_norm":0.3749999999999999,"petal_length_norm":0.5423728813559322,"petal_width_norm":0.5,"id":96}
{"sepal_length":6.2,"sepal_width":2.9,"petal_length":4.3,"petal_width":1.3,"species":"versicolor","sepal_length_norm":0.5277777777777778,"sepal_width_norm":0.3749999999999999,"petal_length_norm":0.559322033898305,"petal_width_norm":0.5,"id":97}
{"sepal_length":5.1,"sepal_width":2.5,"petal_length":3.0,"petal_width":1.1,"species":"versicolor","sepal_length_norm":0.22222222222222213,"sepal_width_norm":0.20833333333333331,"petal_length_norm":0.3389830508474576,"petal_width_norm":0.4166666666666667,"id":98}
{"sepal_length":5.7,"sepal_width":2.8,"petal_length":4.1,"petal_width":1.3,"species":"versicolor","sepal_length_norm":0.38888888888888895,"sepal_width_norm":0.3333333333333332,"petal_length_norm":0.5254237288135593,"petal_width_norm":0.5,"id":99}
{"sepal_length":6.3,"sepal_width":3.3,"petal_length":6.0,"petal_width":2.5,"species":"virginica","sepal_length_norm":0.5555555555555555,"sepal_width_norm":0.5416666666666665,"petal_length_norm":0.847457627118644,"petal_width_norm":1.0,"id":100}
{"sepal_length":5.8,"sepal_width":2.7,"petal_length":5.1,"petal_width":1.9,"species":"virginica","sepal_length_norm":0.41666666666666663,"sepal_width_norm":0.2916666666666667,"petal_length_norm":0.6949152542372881,"petal_width_norm":0.75,"id":101}
{"sepal_length":7.1,"sepal_width":3.0,"petal_length":5.9,"petal_width":2.1,"species":"virginica","sepal_length_norm":0.7777777777777776,"sepal_width_norm":0.41666666666666663,"petal_length_norm":0.8305084745762712,"petal_width_norm":0.8333333333333334,"id":102}
{"sepal_length":6.3,"sepal_width":2.9,"petal_length":5.6,"petal_width":1.8,"species":"virginica","sepal_length_norm":0.5555555555555555,"sepal_width_norm":0.3749999999999999,"petal_length_norm":0.7796610169491525,"petal_width_norm":0.7083333333333334,"id":103}
{"sepal_length":6.5,"sepal_width":3.0,"petal_length":5.8,"petal_width":2.2,"species":"virginica","sepal_length_norm":0.611111111111111,"sepal_width_norm":0.41666666666666663,"petal_length_norm":0.8135593220338982,"petal_width_norm":0.8750000000000001,"id":104}
{"sepal_length":7.6,"sepal_width":3.0,"petal_length":6.6,"petal_width":2.1,"species":"virginica","sepal_length_norm":0.9166666666666665,"sepal_width_norm":0.41666666666666663,"petal_length_norm":0.9491525423728813,"petal_width_norm":0.8333333333333334,"id":105}
{"sepal_length":4.9,"sepal_width":2.5,"petal_length":4.5,"petal_width":1.7,"species":"virginica","sepal_length_norm":0.1666666666666668,"sepal_width_norm":0.20833333333333331,"petal_length_norm":0.5932203389830508,"petal_width_norm":0.6666666666666666,"id":106}
{"sepal_length":7.3,"sepal_width":2.9,"petal_length":6.3,"petal_width":1.8,"species":"virginica","sepal_length_norm":0.8333333333333333,"sepal_width_norm":0.3749999999999999,"petal_length_norm":0.8983050847457626,"petal_width_norm":0.7083333333333334,"id":107}
{"sepal_length":6.7,"sepal_width":2.5,"petal_length":5.8,"petal_width":1.8,"species":"virginica","sepal_length_norm":0.6666666666666666,"sepal_width_norm":0.20833333333333331,"petal_length_norm":0.8135593220338982,"petal_width_norm":0.7083333333333334,"id":108}
{"sepal_length":7.2,"sepal_width":3.6,"petal_length":6.1,"petal_width":2.5,"species":"virginica","sepal_length_norm":0.8055555555555556,"sepal_width_norm":0.6666666666666666,"petal_length_norm":0.8644067796610169,"petal_width_norm":1.0,"id":109}
{"sepal_length":6.5,"sepal_width":3.2,"petal_length":5.1,"petal_width":2.0,"species":"virginica","sepal_length_norm":0.611111111111111,"sepal_width_norm":0.5,"petal_length_norm":0.6949152542372881,"petal_width_norm":0.7916666666666666,"id":110}
{"sepal_length":6.4,"sepal_width":2.7,"petal_length":5.3,"petal_width":1.9,"species":"virginica","sepal_length_norm":0.5833333333333334,"sepal_width_norm":0.2916666666666667,"petal_length_norm":0.7288135593220338,"petal_width_norm":0.75,"id":111}
{"sepal_length":6.8,"sepal_width":3.0,"petal_length":5.5,"petal_width":2.1,"species":"virginica","sepal_length_norm":0.6944444444444443,"sepal_width_norm":0.41666666666666663,"petal_length_norm":0.7627118644067796,"petal_width_norm":0.8333333333333334,"id":112}
{"sepal_length":5.7,"sepal_width":2.5,"petal_length":5.0,"petal_width":2.0,"species":"virginica","sepal_length_norm":0.38888888888888895,"sepal_width_norm":0.20833333333333331,"petal_length_norm":0.6779661016949152,"petal_width_norm":0.7916666666666666,"id":113}
{"sepal_length":5.8,"sepal_width":2.8,"petal_length":5.1,"petal_width":2.4,"species":"virginica","sepal_length_norm":0.41666666666666663,"sepal_width_norm":0.3333333333333332,"petal_length_norm":0.6949152542372881,"petal_width_norm":0.9583333333333333,"id":114}
{"sepal_length":6.4,"sepal_width":3.2,"petal_length":5.3,"petal_width":2.3,"species":"virginica","sepal_length_norm":0.5833333333333334,"sepal_width_norm":0.5,"petal_length_norm":0.7288135593220338,"petal_width_norm":0.9166666666666666,"id":115}
{"sepal_length":6.5,"sepal_width":3.0,"petal_length":5.5,"petal_width":1.8,"species":"virginica","sepal_length_norm":0.611111111111111,"sepal_width_norm":0.41666666666666663,"petal_length_norm":0.7627118644067796,"petal_width_norm":0.7083333333333334,"id":116}
{"sepal_length":7.7,"sepal_width":3.8,"petal_length":6.7,"petal_width":2.2,"species":"virginica","sepal_length_norm":0.9444444444444444,"sepal_width_norm":0.7499999999999998,"petal_length_norm":0.9661016949152542,"petal_width_norm":0.8750000000000001,"id":117}
{"sepal_length":7.7,"sepal_width":2.6,"petal_length":6.9,"petal_width":2.3,"species":"virginica","sepal_length_norm":0.9444444444444444,"sepal_width_norm":0.25,"petal_length_norm":1.0,"petal_width_norm":0.9166666666666666,"id":118}
{"sepal_length":6.0,"sepal_width":2.2,"petal_length":5.0,"petal_width":1.5,"species":"virginica","sepal_length_norm":0.4722222222222222,"sepal_width_norm":0.0833333333333334,"petal_length_norm":0.6779661016949152,"petal_width_norm":0.5833333333333334,"id":119}
{"sepal_length":6.9,"sepal_width":3.2,"petal_length":5.7,"petal_width":2.3,"species":"virginica","sepal_length_norm":0.7222222222222222,"sepal_width_norm":0.5,"petal_length_norm":0.7966101694915254,"petal_width_norm":0.9166666666666666,"id":120}
{"sepal_length":5.6,"sepal_width":2.8,"petal_length":4.9,"petal_width":2.0,"species":"virginica","sepal_length_norm":0.361111111111111,"sepal_width_norm":0.3333333333333332,"petal_length_norm":0.6610169491525424,"petal_width_norm":0.7916666666666666,"id":121}
{"sepal_length":7.7,"sepal_width":2.8,"petal_length":6.7,"petal_width":2.0,"species":"virginica","sepal_length_norm":0.9444444444444444,"sepal_width_norm":0.3333333333333332,"petal_length_norm":0.9661016949152542,"petal_width_norm":0.7916666666666666,"id":122}
{"sepal_length":6.3,"sepal_width":2.7,"petal_length":4.9,"petal_width":1.8,"species":"virginica","sepal_length_norm":0.5555555555555555,"sepal_width_norm":0.2916666666666667,"petal_length_norm":0.6610169491525424,"petal_width_norm":0.7083333333333334,"id":123}
{"sepal_length":6.7,"sepal_width":3.3,"petal_length":5.7,"petal_width":2.1,"species":"virginica","sepal_length_norm":0.6666666666666666,"sepal_width_norm":0.5416666666666665,"petal_length_norm":0.7966101694915254,"petal_width_norm":0.8333333333333334,"id":124}
{"sepal_length":7.2,"sepal_width":3.2,"petal_length":6.0,"petal_width":1.8,"species":"virginica","sepal_length_norm":0.8055555555555556,"sepal_width_norm":0.5,"petal_length_norm":0.847457627118644,"petal_width_norm":0.7083333333333334,"id":125}
{"sepal_length":6.2,"sepal_width":2.8,"petal_length":4.8,"petal_width":1.8,"species":"virginica","sepal_length_norm":0.5277777777777778,"sepal_width_norm":0.3333333333333332,"petal_length_norm":0.6440677966101694,"petal_width_norm":0.7083333333333334,"id":126}
{"sepal_length":6.1,"sepal_width":3.0,"petal_length":4.9,"petal_width":1.8,"species":"virginica","sepal_length_norm":0.4999999999999999,"sepal_width_norm":0.41666666666666663,"petal_length_norm":0.6610169491525424,"petal_width_norm":0.7083333333333334,"id":127}
{"sepal_length":6.4,"sepal_width":2.8,"petal_length":5.6,"petal_width":2.1,"species":"virginica","sepal_length_norm":0.5833333333333334,"sepal_width_norm":0.3333333333333332,"petal_length_norm":0.7796610169491525,"petal_width_norm":0.8333333333333334,"id":128}
{"sepal_length":7.2,"sepal_width":3.0,"petal_length":5.8,"petal_width":1.6,"species":"virginica","sepal_length_norm":0.8055555555555556,"sepal_width_norm":0.41666666666666663,"petal_length_norm":0.8135593220338982,"petal_width_norm":0.625,"id":129}
{"sepal_length":7.4,"sepal_width":2.8,"petal_length":6.1,"petal_width":1.9,"species":"virginica","sepal_length_norm":0.8611111111111112,"sepal_width_norm":0.3333333333333332,"petal_length_norm":0.8644067796610169,"petal_width_norm":0.75,"id":130}
{"sepal_length":7.9,"sepal_width":3.8,"petal_length":6.4,"petal_width":2.0,"species":"virginica","sepal_length_norm":1.0,"sepal_width_norm":0.7499999999999998,"petal_length_norm":0.9152542372881356,"petal_width_norm":0.7916666666666666,"id":131}
{"sepal_length":6.4,"sepal_width":2.8,"petal_length":5.6,"petal_width":2.2,"species":"virginica","sepal_length_norm":0.5833333333333334,"sepal_width_norm":0.3333333333333332,"petal_length_norm":0.7796610169491525,"petal_width_norm":0.8750000000000001,"id":132}
{"sepal_length":6.3,"sepal_width":2.8,"petal_length":5.1,"petal_width":1.5,"species":"virginica","sepal_length_norm":0.5555555555555555,"sepal_width_norm":0.3333333333333332,"petal_length_norm":0.6949152542372881,"petal_width_norm":0.5833333333333334,"id":133}
{"sepal_length":6.1,"sepal_width":2.6,"petal_length":5.6,"petal_width":1.4,"species":"virginica","sepal_length_norm":0.4999999999999999,"sepal_width_norm":0.25,"petal_length_norm":0.7796610169491525,"petal_width_norm":0.5416666666666666,"id":134}
{"sepal_length":7.7,"sepal_width":3.0,"petal_length":6.1,"petal_width":2.3,"species":"virginica","sepal_length_norm":0.9444444444444444,"sepal_width_norm":0.41666666666666663,"petal_length_norm":0.8644067796610169,"petal_width_norm":0.9166666666666666,"id":135}
{"sepal_length":6.3,"sepal_width":3.4,"petal_length":5.6,"petal_width":2.4,"species":"virginica","sepal_length_norm":0.5555555555555555,"sepal_width_norm":0.5833333333333333,"petal_length_norm":0.7796610169491525,"petal_width_norm":0.9583333333333333,"id":136}
{"sepal_length":6.4,"sepal_width":3.1,"petal_length":5.5,"petal_width":1.8,"species":"virginica","sepal_length_norm":0.5833333333333334,"sepal_width_norm":0.4583333333333333,"petal_length_norm":0.7627118644067796,"petal_width_norm":0.7083333333333334,"id":137}
{"sepal_length":6.0,"sepal_width":3.0,"petal_length":4.8,"petal_width":1.8,"species":"virginica","sepal_length_norm":0.4722222222222222,"sepal_width_norm":0.41666666666666663,"petal_length_norm":0.6440677966101694,"petal_width_norm":0.7083333333333334,"id":138}
{"sepal_length":6.9,"sepal_width":3.1,"petal_length":5.4,"petal_width":2.1,"species":"virginica","sepal_length_norm":0.7222222222222222,"sepal_width_norm":0.4583333333333333,"petal_length_norm":0.7457627118644068,"petal_width_norm":0.8333333333333334,"id":139}
{"sepal_length":6.7,"sepal_width":3.1,"petal_length":5.6,"petal_width":2.4,"species":"virginica","sepal_length_norm":0.6666666666666666,"sepal_width_norm":0.4583333333333333,"petal_length_norm":0.7796610169491525,"petal_width_norm":0.9583333333333333,"id":140}
{"sepal_length":6.9,"sepal_width":3.1,"petal_length":5.1,"petal_width":2.3,"species":"virginica","sepal_length_norm":0.7222222222222222,"sepal_width_norm":0.4583333333333333,"petal_length_norm":0.6949152542372881,"petal_width_norm":0.9166666666666666,"id":141}
{"sepal_length":5.8,"sepal_width":2.7,"petal_length":5.1,"petal_width":1.9,"species":"virginica","sepal_length_norm":0.41666666666666663,"sepal_width_norm":0.2916666666666667,"petal_length_norm":0.6949152542372881,"petal_width_norm":0.75,"id":142}
{"sepal_length":6.8,"sepal_width":3.2,"petal_length":5.9,"petal_width":2.3,"species":"virginica","sepal_length_norm":0.6944444444444443,"sepal_width_norm":0.5,"petal_length_norm":0.8305084745762712,"petal_width_norm":0.9166666666666666,"id":143}
{"sepal_length":6.7,"sepal_width":3.3,"petal_length":5.7,"petal_width":2.5,"species":"virginica","sepal_length_norm":0.6666666666666666,"sepal_width_norm":0.5416666666666665,"petal_length_norm":0.7966101694915254,"petal_width_norm":1.0,"id":144}
{"sepal_length":6.7,"sepal_width":3.0,"petal_length":5.2,"petal_width":2.3,"species":"virginica","sepal_length_norm":0.6666666666666666,"sepal_width_norm":0.41666666666666663,"petal_length_norm":0.711864406779661,"petal_width_norm":0.9166666666666666,"id":145}
{"sepal_length":6.3,"sepal_width":2.5,"petal_length":5.0,"petal_width":1.9,"species":"virginica","sepal_length_norm":0.5555555555555555,"sepal_width_norm":0.20833333333333331,"petal_length_norm":0.6779661016949152,"petal_width_norm":0.75,"id":146}
{"sepal_length":6.5,"sepal_width":3.0,"petal_length":5.2,"petal_width":2.0,"species":"virginica","sepal_length_norm":0.611111111111111,"sepal_width_norm":0.41666666666666663,"petal_length_norm":0.711864406779661,"petal_width_norm":0.7916666666666666,"id":147}
{"sepal_length":6.2,"sepal_width":3.4,"petal_length":5.4,"petal_width":2.3,"species":"virginica","sepal_length_norm":0.5277777777777778,"sepal_width_norm":0.5833333333333333,"petal_length_norm":0.7457627118644068,"petal_width_norm":0.9166666666666666,"id":148}
{"sepal_length":5.9,"sepal_width":3.0,"petal_length":5.1,"petal_width":1.8,"species":"virginica","sepal_length_norm":0.44444444444444453,"sepal_width_norm":0.41666666666666663,"petal_length_norm":0.6949152542372881,"petal_width_norm":0.7083333333333334,"id":149}
